======================================================================
1.  Cusp point and reduced coefficients
======================================================================
g              = 0.018115942029
q_c   (Phi=1)  = 1.01828002225
q_c   (closed) = 1.01828002225
|difference|   = 1.972e-31
a_c            = 2.03722841775
A_mu = 0.2410650824   b = 0.2411046364   h = 0.2454717575   C_n = 0.3779594981
X_min (Phi=1/n, asymptote) = 0.589553869432

======================================================================
2.  det J on the curve Phi(X)Phi(Y)=1 (independent check)
======================================================================
X=1.2    Y=0.88477811     a1=2.107101     a2=2.114656     detJ=1.972e-31
X=1.8    Y=0.71624195     a1=2.695995     a2=2.960054     detJ=-1.972e-31
X=3.0    Y=0.63548079     a1=4.186076     a2=6.173648     detJ=-1.972e-31
X=8.0    Y=0.59652804     a1=10.8222      a2=37.59679     detJ=9.861e-32

======================================================================
3.  Exact fold locus versus cubic normal form near the cusp
======================================================================
rho           |Delta a| exact    C_n rho^{3/2}      rel err     
0.025139      0.00150655146      0.00150651192      2.624e-5    
0.0028248     5.67452468e-5      5.67450191e-5      4.012e-6    
0.00029423    1.90757008e-6      1.90756926e-6      4.306e-7    
2.9818e-5     6.15413701e-8      6.15413674e-8      4.378e-8    
2.9946e-6     1.95859454e-9      1.95859453e-9      4.398e-9    
2.9986e-7     6.20620203e-11     6.20620203e-11     4.404e-10   
2.9999e-8     1.96383472e-12     1.96383472e-12     4.406e-11   
3.0003e-9     6.21145295e-14     6.21145295e-14     4.406e-12   
3.0004e-10    1.96436015e-15     1.96436015e-15     4.41e-13    
3.0005e-11    6.21197848e-17     6.21197848e-17     4.936e-14   
3.0005e-12    1.96441271e-18     1.96441271e-18     2.724e-14   
3.0005e-13    6.21203104e-20     6.21203104e-20     3.663e-12   
3.0005e-14    1.96441796e-21     1.96441796e-21     8.561e-11   

local slope d log(rel err) / d log(rho):
   rho ~ 0.00282    slope = 0.859125
   rho ~ 0.000294   slope = 0.986755
   rho ~ 2.98e-5    slope = 0.998653
   rho ~ 2.99e-6    slope = 0.999864
   rho ~ 3.0e-7     slope = 0.999986
   rho ~ 3.0e-8     slope = 0.999999
   rho ~ 3.0e-9     slope = 1.0
   rho ~ 3.0e-10    slope = 0.999686
   rho ~ 3.0e-11    slope = 0.951079
   rho ~ 3.0e-12    slope = 0.258063
   rho ~ 3.0e-13    slope = -2.12859
   rho ~ 3.0e-14    slope = -1.36867

Sections 4 and 5 of an earlier draft (experimental slice, far field) are
covered by 03_experimental_slice.py.
