valid fold-curve range: X in [0.714116, 2.05512], r_F in [0.91187554, 1.4011531]
s_* = 1.45464906238  r_* = 1.40115482594

r      exact s-      exact s+      NF s-         NF s+         err s-    err s+   
1.39   1.482376      1.488841      1.482376      1.488841      3.74e-6%  9.69e-6% 
1.35   1.58016       1.660236      1.580159      1.660261      1.59e-5%  0.00151% 
1.3    1.712934      2.019836      1.712922      2.021059      0.000698% 0.0606%  
1.25   1.866842      2.696055      1.866784      2.709946      0.00312%  0.515%   
1.2    2.052889      4.493247      2.05271       4.648106      0.0087%   3.45%    

fold point: X=1.8 Y=0.71624195 a1=2.6959951 a2=2.9600543
  a1 -> a1(1-0.020):  1 equilibria
  a1 -> a1(1-0.001):  1 equilibria
  a1 -> a1(1+0.001):  3 equilibria
  a1 -> a1(1+0.020):  3 equilibria

X        Y              a1             a2/a1^n         
10.0     0.594156307    13.50571       0.318962564     
30.0     0.590221275    40.42641       0.315406386     
100.0    0.58966324     134.7459       0.314821765     
300.0    0.589581678    404.2576       0.314717755     
1000.0   0.589561304    1347.558       0.314687967     
predicted limit (X_min-g)/(1+X_min^n)^n = 0.314676251
