==========================================================================
(a) leading coefficients for symbolic Hill exponent
==========================================================================
  eta_2      = (m*q**m + q**m + 1)/(2*q*(q**m + 1))
  claimed    = ((m+1)q^m + 1)/(2q(1+q^m))
  difference = 0

  rho(0) = 0    coefficient of d in Delta a = 0
  r_2 = (m + 1)*(q**m + 1)/(2*q)
  t_3 = -(m - 1)*(m + 1)*(q**m + 1)/(3*q**2)
  r_2 - 3b/A_mu = 0
  t_3 + 2b/h    = 0

==========================================================================
(b) Proposition 7.2: c_1 for m = 2 and arbitrary leak
==========================================================================
  r_2 = 3*(q**2 + 1)/(2*q)
  r_4 = -(21*q**4 + 2*q**2 + 1)/(8*q**3*(q**2 + 1))
  t_3 = -(q**2 + 1)/q**2
  t_5 = (3*q**2 - 2*q + 1)*(3*q**2 + 2*q + 1)/(4*q**4*(q**2 + 1)) = 9*q**4/(4*q**6 + 4*q**4) + 2*q**2/(4*q**6 + 4*q**4) + 1/(4*q**6 + 4*q**4)
  c_1 = (q - 1)*(q + 1)*(3*q**2 + 1)/(12*q*(q**2 + 1)**3)
  c_1 - (q^2-1)(3q^2+1)/(12q(1+q^2)^3) = 0

  numerical values quoted in the paper:
    g = 0.001            c_1 = 8.320833344e-5     paper: 8.32083e-5
    g = 0.018115942      c_1 = 0.001468649632     paper: 1.468650e-3
    g = 0.2              c_1 = 0.01182662102      paper: 1.182662e-2
    small-leak limit c_1/g = 0.08333333332   vs 1/12 = 0.08333333333

==========================================================================
(c) Corollary 7.3: zero-leak quadratic expansion
==========================================================================
  rho    = 565*e**6/8 - 123*e**5/4 + 27*e**4/2 - 6*e**3 + 3*e**2
  Delta a= -441*e**7/4 + 173*e**6/4 - 33*e**5/2 + 6*e**4 - 2*e**3
  |Delta a|/(C_2 rho^{3/2}) - 1 in powers of u = sqrt(rho):
    29*u**6/3456 - 5*u**4/288    [expect  -5/288 u^4 + 29/3456 u^6]
  5/288  = 0.017361111111111112    29/3456 = 0.008391203703703705

==========================================================================
(d) Remark 7.4: the cancellation is specific to m = 2
==========================================================================
  m = 3, arbitrary leak:  c_1 = 3*(2*q**6 - 2*q**3 - 1)/(16*q*(q + 1)**3*(q**2 - q + 1)**3)
  claimed 3(2q^6-2q^3-1)/(16 q (1+q^3)^3), difference = 0

  zero-leak values, q_c = (m-1)^(-1/m):
    m = 2 :  c_1 = 0                          = 0
    m = 3 :  c_1 = -2**(1/3)/12               = -0.1049934208
    m = 4 :  c_1 = -39*3**(1/4)/200           = -0.2566344325
    m = 5 :  c_1 = -8*2**(2/5)/25             = -0.4222425314
    m = 6 :  c_1 = -19*5**(1/6)/42            = -0.5915606961

  only m = 2 gives c_1 = 0, which is Corollary 7.3.
